// Jest Snapshot v1, https://goo.gl/fbAQLP

exports[`backupNg .createJob() : creates a new backup job with schedules 1`] = `
Object {
  "id": Any<String>,
  "mode": "full",
  "name": "default-backupNg",
  "settings": Any<Object>,
  "type": "backup",
  "userId": Any<String>,
  "vms": Any<Object>,
}
`;

exports[`backupNg .createJob() : creates a new backup job with schedules 2`] = `
Object {
  "cron": "0 * * * * *",
  "enabled": false,
  "id": Any<String>,
  "jobId": Any<String>,
  "name": "scheduleTest",
}
`;

exports[`backupNg .createJob() : creates a new backup job without schedules 1`] = `
Object {
  "id": Any<String>,
  "mode": "full",
  "name": "default-backupNg",
  "settings": Object {
    "": Object {
      "reportWhen": "never",
    },
  },
  "type": "backup",
  "userId": Any<String>,
  "vms": Any<Object>,
}
`;

exports[`backupNg .runJob() : fails trying to run a backup job with a VM without disks 1`] = `
Object {
  "data": Object {
    "mode": "full",
    "reportWhen": "never",
  },
  "end": Any<Number>,
  "id": Any<String>,
  "jobId": Any<String>,
  "jobName": "default-backupNg",
  "message": "backup",
  "scheduleId": Any<String>,
  "start": Any<Number>,
  "status": "skipped",
}
`;

exports[`backupNg .runJob() : fails trying to run a backup job with a VM without disks 2`] = `
Object {
  "data": Object {
    "id": Any<String>,
    "type": "VM",
  },
  "end": Any<Number>,
  "id": Any<String>,
  "message": Any<String>,
  "result": Object {
    "message": "no disks found",
    "name": "Error",
    "stack": Any<String>,
  },
  "start": Any<Number>,
  "status": "skipped",
}
`;

exports[`backupNg .runJob() : fails trying to run a backup job with no matching VMs 1`] = `[JsonRpcError: unknown error from the peer]`;

exports[`backupNg .runJob() : fails trying to run a backup job with non-existent vm 1`] = `
Array [
  Object {
    "data": Object {
      "vms": Array [
        "non-existent-id",
      ],
    },
    "message": "missingVms",
  },
]
`;

exports[`backupNg .runJob() : fails trying to run a backup job without schedule 1`] = `[JsonRpcError: invalid parameters]`;

exports[`backupNg .runJob() : fails trying to run backup job without retentions 1`] = `
Object {
  "data": Object {
    "mode": "full",
    "reportWhen": "never",
  },
  "end": Any<Number>,
  "id": Any<String>,
  "jobId": Any<String>,
  "jobName": "default-backupNg",
  "message": "backup",
  "scheduleId": Any<String>,
  "start": Any<Number>,
  "status": "failure",
}
`;

exports[`backupNg .runJob() : fails trying to run backup job without retentions 2`] = `
Object {
  "data": Object {
    "id": Any<String>,
    "type": "VM",
  },
  "end": Any<Number>,
  "id": Any<String>,
  "message": Any<String>,
  "result": Object {
    "message": "copy, export and snapshot retentions cannot both be 0",
    "name": "Error",
    "stack": Any<String>,
  },
  "start": Any<Number>,
  "status": "failure",
}
`;

exports[`backupNg execute three times a delta backup with 2 remotes, 2 as retention and 2 as fullInterval 1`] = `
Object {
  "data": Object {
    "mode": "delta",
    "reportWhen": "never",
  },
  "end": Any<Number>,
  "id": Any<String>,
  "jobId": Any<String>,
  "message": "backup",
  "scheduleId": Any<String>,
  "start": Any<Number>,
  "status": "success",
}
`;

exports[`backupNg execute three times a delta backup with 2 remotes, 2 as retention and 2 as fullInterval 2`] = `
Object {
  "data": Object {
    "id": Any<String>,
    "type": "VM",
  },
  "end": Any<Number>,
  "id": Any<String>,
  "message": Any<String>,
  "start": Any<Number>,
  "status": "success",
}
`;

exports[`backupNg execute three times a delta backup with 2 remotes, 2 as retention and 2 as fullInterval 3`] = `
Object {
  "end": Any<Number>,
  "id": Any<String>,
  "message": "snapshot",
  "result": Any<String>,
  "start": Any<Number>,
  "status": "success",
}
`;

exports[`backupNg execute three times a delta backup with 2 remotes, 2 as retention and 2 as fullInterval 4`] = `
Object {
  "data": Object {
    "id": Any<String>,
    "isFull": true,
    "type": "remote",
  },
  "end": Any<Number>,
  "id": Any<String>,
  "message": Any<String>,
  "start": Any<Number>,
  "status": "success",
}
`;

exports[`backupNg execute three times a delta backup with 2 remotes, 2 as retention and 2 as fullInterval 5`] = `
Object {
  "end": Any<Number>,
  "id": Any<String>,
  "message": Any<String>,
  "result": Object {
    "size": Any<Number>,
  },
  "start": Any<Number>,
  "status": "success",
}
`;

exports[`backupNg execute three times a delta backup with 2 remotes, 2 as retention and 2 as fullInterval 6`] = `
Object {
  "end": Any<Number>,
  "id": Any<String>,
  "message": Any<String>,
  "result": Object {
    "size": Any<Number>,
  },
  "start": Any<Number>,
  "status": "success",
}
`;

exports[`backupNg execute three times a delta backup with 2 remotes, 2 as retention and 2 as fullInterval 7`] = `
Object {
  "data": Object {
    "mode": "delta",
    "reportWhen": "never",
  },
  "end": Any<Number>,
  "id": Any<String>,
  "jobId": Any<String>,
  "message": "backup",
  "scheduleId": Any<String>,
  "start": Any<Number>,
  "status": "success",
}
`;

exports[`backupNg execute three times a delta backup with 2 remotes, 2 as retention and 2 as fullInterval 8`] = `
Object {
  "data": Object {
    "id": Any<String>,
    "type": "VM",
  },
  "end": Any<Number>,
  "id": Any<String>,
  "message": Any<String>,
  "start": Any<Number>,
  "status": "success",
}
`;

exports[`backupNg execute three times a delta backup with 2 remotes, 2 as retention and 2 as fullInterval 9`] = `
Object {
  "end": Any<Number>,
  "id": Any<String>,
  "message": "snapshot",
  "result": Any<String>,
  "start": Any<Number>,
  "status": "success",
}
`;

exports[`backupNg execute three times a delta backup with 2 remotes, 2 as retention and 2 as fullInterval 10`] = `
Object {
  "data": Object {
    "id": Any<String>,
    "isFull": false,
    "type": "remote",
  },
  "end": Any<Number>,
  "id": Any<String>,
  "message": Any<String>,
  "start": Any<Number>,
  "status": "success",
}
`;

exports[`backupNg execute three times a delta backup with 2 remotes, 2 as retention and 2 as fullInterval 11`] = `
Object {
  "end": Any<Number>,
  "id": Any<String>,
  "message": Any<String>,
  "result": Object {
    "size": Any<Number>,
  },
  "start": Any<Number>,
  "status": "success",
}
`;

exports[`backupNg execute three times a delta backup with 2 remotes, 2 as retention and 2 as fullInterval 12`] = `
Object {
  "end": Any<Number>,
  "id": Any<String>,
  "message": Any<String>,
  "result": Object {
    "size": Any<Number>,
  },
  "start": Any<Number>,
  "status": "success",
}
`;

exports[`backupNg execute three times a delta backup with 2 remotes, 2 as retention and 2 as fullInterval 13`] = `
Object {
  "data": Object {
    "mode": "delta",
    "reportWhen": "never",
  },
  "end": Any<Number>,
  "id": Any<String>,
  "jobId": Any<String>,
  "message": "backup",
  "scheduleId": Any<String>,
  "start": Any<Number>,
  "status": "success",
}
`;

exports[`backupNg execute three times a delta backup with 2 remotes, 2 as retention and 2 as fullInterval 14`] = `
Object {
  "data": Object {
    "id": Any<String>,
    "type": "VM",
  },
  "end": Any<Number>,
  "id": Any<String>,
  "message": Any<String>,
  "start": Any<Number>,
  "status": "success",
}
`;

exports[`backupNg execute three times a delta backup with 2 remotes, 2 as retention and 2 as fullInterval 15`] = `
Object {
  "end": Any<Number>,
  "id": Any<String>,
  "message": "snapshot",
  "result": Any<String>,
  "start": Any<Number>,
  "status": "success",
}
`;

exports[`backupNg execute three times a delta backup with 2 remotes, 2 as retention and 2 as fullInterval 16`] = `
Object {
  "data": Object {
    "id": Any<String>,
    "isFull": true,
    "type": "remote",
  },
  "end": Any<Number>,
  "id": Any<String>,
  "message": Any<String>,
  "start": Any<Number>,
  "status": "success",
}
`;

exports[`backupNg execute three times a delta backup with 2 remotes, 2 as retention and 2 as fullInterval 17`] = `
Object {
  "end": Any<Number>,
  "id": Any<String>,
  "message": Any<String>,
  "result": Object {
    "size": Any<Number>,
  },
  "start": Any<Number>,
  "status": "success",
}
`;

exports[`backupNg execute three times a delta backup with 2 remotes, 2 as retention and 2 as fullInterval 18`] = `
Object {
  "end": Any<Number>,
  "id": Any<String>,
  "message": Any<String>,
  "result": Object {
    "size": Any<Number>,
  },
  "start": Any<Number>,
  "status": "success",
}
`;

exports[`backupNg execute three times a rolling snapshot with 2 as retention & revert to an old state 1`] = `
Object {
  "data": Object {
    "mode": "full",
    "reportWhen": "never",
  },
  "end": Any<Number>,
  "id": Any<String>,
  "jobId": Any<String>,
  "jobName": "default-backupNg",
  "message": "backup",
  "scheduleId": Any<String>,
  "start": Any<Number>,
  "status": "success",
}
`;

exports[`backupNg execute three times a rolling snapshot with 2 as retention & revert to an old state 2`] = `
Object {
  "end": Any<Number>,
  "id": Any<String>,
  "message": "snapshot",
  "result": Any<String>,
  "start": Any<Number>,
  "status": "success",
}
`;

exports[`backupNg execute three times a rolling snapshot with 2 as retention & revert to an old state 3`] = `
Object {
  "data": Object {
    "id": Any<String>,
    "type": "VM",
  },
  "end": Any<Number>,
  "id": Any<String>,
  "message": Any<String>,
  "start": Any<Number>,
  "status": "success",
}
`;
