// Jest Snapshot v1, https://goo.gl/fbAQLP

exports[`test() handler doesn't crash 1`] = `
Object {
  "success": true,
}
`;
